// Jest Snapshot v1, https://goo.gl/fbAQLP

exports[`Chart should match snapshot 1`] = `
<DocumentFragment>
  <h2
    class="MuiTypography-root MuiTypography-h6 MuiTypography-gutterBottom css-gi7hi0-MuiTypography-root"
  >
    Today
  </h2>
  <div
    style="width: 100%; flex-grow: 1; overflow: hidden;"
  />
</DocumentFragment>
`;

exports[`Login should match snapshot 1`] = `<DocumentFragment />`;
