// Jest Snapshot v1, https://goo.gl/fbAQLP

exports[`Login should match snapshot 1`] = `<DocumentFragment />`;

exports[`Orders should match snapshot 1`] = `
<DocumentFragment>
  <h2
    class="MuiTypography-root MuiTypography-h6 MuiTypography-gutterBottom css-gi7hi0-MuiTypography-root"
  >
    Recent Orders
  </h2>
  <table
    class="MuiTable-root css-rqglhn-MuiTable-root"
  >
    <thead
      class="MuiTableHead-root css-15wwp11-MuiTableHead-root"
    >
      <tr
        class="MuiTableRow-root MuiTableRow-head css-1q1u3t4-MuiTableRow-root"
      >
        <th
          class="MuiTableCell-root MuiTableCell-head MuiTableCell-sizeSmall css-1howxi1-MuiTableCell-root"
          scope="col"
        >
          Date
        </th>
        <th
          class="MuiTableCell-root MuiTableCell-head MuiTableCell-sizeSmall css-1howxi1-MuiTableCell-root"
          scope="col"
        >
          Name
        </th>
        <th
          class="MuiTableCell-root MuiTableCell-head MuiTableCell-sizeSmall css-1howxi1-MuiTableCell-root"
          scope="col"
        >
          Ship To
        </th>
        <th
          class="MuiTableCell-root MuiTableCell-head MuiTableCell-sizeSmall css-1howxi1-MuiTableCell-root"
          scope="col"
        >
          Payment Method
        </th>
        <th
          class="MuiTableCell-root MuiTableCell-head MuiTableCell-alignRight MuiTableCell-sizeSmall css-6qfsqn-MuiTableCell-root"
          scope="col"
        >
          Sale Amount
        </th>
      </tr>
    </thead>
    <tbody
      class="MuiTableBody-root css-apqrd9-MuiTableBody-root"
    >
      <tr
        class="MuiTableRow-root css-1q1u3t4-MuiTableRow-root"
      >
        <td
          class="MuiTableCell-root MuiTableCell-body MuiTableCell-sizeSmall css-dsuxgy-MuiTableCell-root"
        >
          16 Mar, 2019
        </td>
        <td
          class="MuiTableCell-root MuiTableCell-body MuiTableCell-sizeSmall css-dsuxgy-MuiTableCell-root"
        >
          Elvis Presley
        </td>
        <td
          class="MuiTableCell-root MuiTableCell-body MuiTableCell-sizeSmall css-dsuxgy-MuiTableCell-root"
        >
          Tupelo, MS
        </td>
        <td
          class="MuiTableCell-root MuiTableCell-body MuiTableCell-sizeSmall css-dsuxgy-MuiTableCell-root"
        >
          VISA ⠀•••• 3719
        </td>
        <td
          class="MuiTableCell-root MuiTableCell-body MuiTableCell-alignRight MuiTableCell-sizeSmall css-dv0mq-MuiTableCell-root"
        >
          $312.44
        </td>
      </tr>
      <tr
        class="MuiTableRow-root css-1q1u3t4-MuiTableRow-root"
      >
        <td
          class="MuiTableCell-root MuiTableCell-body MuiTableCell-sizeSmall css-dsuxgy-MuiTableCell-root"
        >
          16 Mar, 2019
        </td>
        <td
          class="MuiTableCell-root MuiTableCell-body MuiTableCell-sizeSmall css-dsuxgy-MuiTableCell-root"
        >
          Paul McCartney
        </td>
        <td
          class="MuiTableCell-root MuiTableCell-body MuiTableCell-sizeSmall css-dsuxgy-MuiTableCell-root"
        >
          London, UK
        </td>
        <td
          class="MuiTableCell-root MuiTableCell-body MuiTableCell-sizeSmall css-dsuxgy-MuiTableCell-root"
        >
          VISA ⠀•••• 2574
        </td>
        <td
          class="MuiTableCell-root MuiTableCell-body MuiTableCell-alignRight MuiTableCell-sizeSmall css-dv0mq-MuiTableCell-root"
        >
          $866.99
        </td>
      </tr>
      <tr
        class="MuiTableRow-root css-1q1u3t4-MuiTableRow-root"
      >
        <td
          class="MuiTableCell-root MuiTableCell-body MuiTableCell-sizeSmall css-dsuxgy-MuiTableCell-root"
        >
          16 Mar, 2019
        </td>
        <td
          class="MuiTableCell-root MuiTableCell-body MuiTableCell-sizeSmall css-dsuxgy-MuiTableCell-root"
        >
          Tom Scholz
        </td>
        <td
          class="MuiTableCell-root MuiTableCell-body MuiTableCell-sizeSmall css-dsuxgy-MuiTableCell-root"
        >
          Boston, MA
        </td>
        <td
          class="MuiTableCell-root MuiTableCell-body MuiTableCell-sizeSmall css-dsuxgy-MuiTableCell-root"
        >
          MC ⠀•••• 1253
        </td>
        <td
          class="MuiTableCell-root MuiTableCell-body MuiTableCell-alignRight MuiTableCell-sizeSmall css-dv0mq-MuiTableCell-root"
        >
          $100.81
        </td>
      </tr>
      <tr
        class="MuiTableRow-root css-1q1u3t4-MuiTableRow-root"
      >
        <td
          class="MuiTableCell-root MuiTableCell-body MuiTableCell-sizeSmall css-dsuxgy-MuiTableCell-root"
        >
          16 Mar, 2019
        </td>
        <td
          class="MuiTableCell-root MuiTableCell-body MuiTableCell-sizeSmall css-dsuxgy-MuiTableCell-root"
        >
          Michael Jackson
        </td>
        <td
          class="MuiTableCell-root MuiTableCell-body MuiTableCell-sizeSmall css-dsuxgy-MuiTableCell-root"
        >
          Gary, IN
        </td>
        <td
          class="MuiTableCell-root MuiTableCell-body MuiTableCell-sizeSmall css-dsuxgy-MuiTableCell-root"
        >
          AMEX ⠀•••• 2000
        </td>
        <td
          class="MuiTableCell-root MuiTableCell-body MuiTableCell-alignRight MuiTableCell-sizeSmall css-dv0mq-MuiTableCell-root"
        >
          $654.39
        </td>
      </tr>
      <tr
        class="MuiTableRow-root css-1q1u3t4-MuiTableRow-root"
      >
        <td
          class="MuiTableCell-root MuiTableCell-body MuiTableCell-sizeSmall css-dsuxgy-MuiTableCell-root"
        >
          15 Mar, 2019
        </td>
        <td
          class="MuiTableCell-root MuiTableCell-body MuiTableCell-sizeSmall css-dsuxgy-MuiTableCell-root"
        >
          Bruce Springsteen
        </td>
        <td
          class="MuiTableCell-root MuiTableCell-body MuiTableCell-sizeSmall css-dsuxgy-MuiTableCell-root"
        >
          Long Branch, NJ
        </td>
        <td
          class="MuiTableCell-root MuiTableCell-body MuiTableCell-sizeSmall css-dsuxgy-MuiTableCell-root"
        >
          VISA ⠀•••• 5919
        </td>
        <td
          class="MuiTableCell-root MuiTableCell-body MuiTableCell-alignRight MuiTableCell-sizeSmall css-dv0mq-MuiTableCell-root"
        >
          $212.79
        </td>
      </tr>
    </tbody>
  </table>
  <a
    class="MuiTypography-root MuiTypography-inherit MuiLink-root MuiLink-underlineAlways css-1uc0u15-MuiTypography-root-MuiLink-root"
    href="#"
  >
    See more orders
  </a>
</DocumentFragment>
`;
